// Jest Snapshot v1, https://goo.gl/fbAQLP

exports[`Testing in component FormContent Component FormContent should show correctly 1`] = `
<div
  className="form-content"
>
  <h2>
    Add Task
  </h2>
  <TaskForm />
</div>
`;
